[iconoir.com/index.html]
[backblue.gif]
[fade.gif]
[index.html]
[iconoir.com/favicon.ico]
[iconoir.com/_next/static/css/e6352830dd83d8f6.css]
[iconoir.com/_next/static/chunks/polyfills-42372ed130431b0a.js]
[iconoir.com/_next/static/chunks/webpack-64c1a54b46afd682.js]
[iconoir.com/_next/static/chunks/framework-288e0dd8c42ddb28.js]
[iconoir.com/_next/static/chunks/main-c42fc027b8c75c69.js]
[iconoir.com/_next/static/chunks/pages/_app-1b85574b53ff6f66.js]
[iconoir.com/_next/static/chunks/131-c7bef723668e59b0.js]
[iconoir.com/_next/static/chunks/876-ef8426df25995d2a.js]
[iconoir.com/_next/static/chunks/pages/index-19469d5b6a6b8eb6.js]
[iconoir.com/_next/static/4xoGp2ud1PVaXLrYPXlAs/_buildManifest.js]
[iconoir.com/_next/static/4xoGp2ud1PVaXLrYPXlAs/_ssgManifest.js]
[iconoir.com/streamline-ad-logo.png]
[iconoir.com/cellar.gif]
[iconoir.com/pay-bitcoin.gif]
[iconoir.com/face-id.gif]
[iconoir.com/command.gif]
[iconoir.com/fill.gif]
[iconoir.com/iconoir-logo.svg]
[iconoir.com/logo-react.svg]
[iconoir.com/logo-swift.svg]
[iconoir.com/logo-flutter.svg]
[iconoir.com/logo-figma.svg]
[iconoir.com/logo-react-native.svg]
[iconoir.com/logo-vue.svg]
[iconoir.com/logo-framer.svg]
[iconoir.com/streamline-ad.png]
[iconoir.com/docs/changelog.html]
[iconoir.com/docs/introduction.html]
[iconoir.com/support.html]
[iconoir.com/docs/contributing.html]
[iconoir.com/docs/packages/iconoir-react.html]
[iconoir.com/docs/packages/iconoir-flutter.html]
[iconoir.com/docs/packages/framer.html]
[iconoir.com/index.html]
[iconoir.com/_next/static/css/e6352830dd83d8f6.css]
[iconoir.com/iconoir-logo.svg]
[iconoir.com/logo-react.svg]
[iconoir.com/logo-swift.svg]
[iconoir.com/logo-flutter.svg]
[iconoir.com/logo-figma.svg]
[iconoir.com/logo-react-native.svg]
[iconoir.com/logo-vue.svg]
[iconoir.com/logo-framer.svg]
[iconoir.com/docs/packages/css.html]
[iconoir.com/_next/static/chunks/778e971e-5c0d8d699828ff8f.js]
[iconoir.com/_next/static/chunks/220-7afe3367a0f1aec1.js]
[iconoir.com/_next/static/chunks/650-7c6b13011bfc90d5.js]
[iconoir.com/_next/static/chunks/pages/docs/changelog-e7d22af7411e211f.js]
[iconoir.com/docs/naming-convention.html]
[iconoir.com/docs/packages/iconoir-react-native.html]
[iconoir.com/docs/changelog.html]
[iconoir.com/docs/packages/iconoir-vue.html]
[iconoir.com/_next/static/chunks/pages/docs/[...slug]-b4cbebe4b84cf6af.js]
[iconoir.com/docs/introduction.html]
[iconoir.com/_next/static/chunks/pages/support-2d8ce3738244fd7f.js]
[iconoir.com/riccardo-suardi.png]
[iconoir.com/nibol-logo.svg]
[iconoir.com/fabrizio-rinaldi.png]
[iconoir.com/typefully-logo.png]
[iconoir.com/chris-messina.png]
[iconoir.com/twitter-logo.png]
[iconoir.com/support.html]
[iconoir.com/docs/contributing.html]
[iconoir.com/docs/packages/iconoir-react.html]
[iconoir.com/docs/packages/iconoir-flutter.html]
[iconoir.com/docs/packages/framer.html]
[iconoir.com/docs/packages/css.html]
[iconoir.com/docs/naming-convention.html]
[iconoir.com/docs/packages/iconoir-react-native.html]
[iconoir.com/docs/packages/iconoir-vue.html]
[iconoir.com/nibol-logo.svg]
